Running Gradle task 'assembleDebug'...                          
flutter : lib/screens/home_screen.dart:79:62: 
Error: The argument type 'double' can't be assigned 
to the parameter type 'Offset?'.
At line:1 char:1
+ flutter build apk --debug --no-pub > 
build_output.txt 2>&1; Get-Conte ...
+ ~~~~~~~~~~~~~~~~~~~~~~~~~~~~~~~~~~~~~~~~~~~~~~~~~~
~~~~~~~~
    + CategoryInfo          : NotSpecified: (lib/sc 
   reens/hom...type 'Offset?'.:String) [], RemoteE  
  xception
    + FullyQualifiedErrorId : NativeCommandError
 
 - 'Offset' is from 'dart:ui'.
            ).animate(onPlay: (c) => 
c.repeat()).blur(begin: 50.0, end: 100.0),
                                                    
         ^
lib/screens/home_screen.dart:79:73: Error: The 
argument type 'double' can't be assigned to the 
parameter type 'Offset?'.
 - 'Offset' is from 'dart:ui'.
            ).animate(onPlay: (c) => 
c.repeat()).blur(begin: 50.0, end: 100.0),
                                                    
                    ^
Target kernel_snapshot_program failed: Exception


FAILURE: Build failed with an exception.

* What went wrong:
Execution failed for task 
':app:compileFlutterBuildDebug'.
> Process 'command 
'C:\Users\jmore\develop\flutter\bin\flutter.bat'' 
finished with non-zero exit value 1

* Try:
> Run with --stacktrace option to get the stack 
trace.
> Run with --info or --debug option to get more log 
output.
> Run with --scan to get full insights.
> Get more help at https://help.gradle.org.

BUILD FAILED in 4s
Running Gradle task 'assembleDebug'...                              4.7s
Gradle task assembleDebug failed with exit code 1
